LINE - 50 : [ 2026-04-04 00:25:51,101 ] PredictionPipeline - INFO - Starting prediction process
LINE - 23 : [ 2026-04-04 00:25:51,103 ] PredictionPipeline - INFO - Preprocessing input text
LINE - 29 : [ 2026-04-04 00:25:51,109 ] ConfigLoader - INFO - Config loaded successfully from artifacts/preprocessor/feature_config.json
LINE - 13 : [ 2026-04-04 00:25:51,142 ] Exception - ERROR - Error occurred in python script name [/Users/user/Documents/Data-Science/MLOPS/MLOPS-Fake-News_classifier/src/pipeline/prediction_pipeline.py] line number [75] error message [<class 'keras.src.models.sequential.Sequential'> could not be deserialized properly. Please ensure that components that are Python object instances (layers, models, etc.) returned by `get_config()` are explicitly deserialized in the model's `from_config()` method.

config={'module': 'keras', 'class_name': 'Sequential', 'config': {'name': 'sequential_1', 'trainable': True, 'dtype': {'module': 'keras', 'class_name': 'DTypePolicy', 'config': {'name': 'float32'}, 'registered_name': None}, 'layers': [{'module': 'keras.layers', 'class_name': 'InputLayer', 'config': {'batch_shape': [19, 20], 'dtype': 'float32', 'sparse': False, 'ragged': False, 'name': 'input_layer_1', 'optional': False}, 'registered_name': None}, {'module': 'keras.layers', 'class_name': 'Embedding', 'config': {'name': 'embedding_1', 'trainable': True, 'dtype': {'module': 'keras', 'class_name': 'DTypePolicy', 'config': {'name': 'float32'}, 'registered_name': None}, 'input_dim': 5000, 'output_dim': 40, 'embeddings_initializer': {'module': 'keras.initializers', 'class_name': 'RandomUniform', 'config': {'seed': None, 'minval': -0.05, 'maxval': 0.05}, 'registered_name': None}, 'embeddings_regularizer': None, 'activity_regularizer': None, 'embeddings_constraint': None, 'mask_zero': False, 'quantization_config': None}, 'registered_name': None, 'build_config': {'input_shape': [19, 20]}}, {'module': 'keras.layers', 'class_name': 'Dropout', 'config': {'name': 'dropout', 'trainable': True, 'dtype': {'module': 'keras', 'class_name': 'DTypePolicy', 'config': {'name': 'float32'}, 'registered_name': None}, 'rate': 0.3, 'seed': None, 'noise_shape': None}, 'registered_name': None}, {'module': 'keras.layers', 'class_name': 'LSTM', 'config': {'name': 'lstm_1', 'trainable': True, 'dtype': {'module': 'keras', 'class_name': 'DTypePolicy', 'config': {'name': 'float32'}, 'registered_name': None}, 'return_sequences': False, 'return_state': False, 'go_backwards': False, 'stateful': False, 'unroll': False, 'zero_output_for_mask': False, 'units': 100, 'activation': 'tanh', 'recurrent_activation': 'sigmoid', 'use_bias': True, 'kernel_initializer': {'module': 'keras.initializers', 'class_name': 'GlorotUniform', 'config': {'seed': None}, 'registered_name': None}, 'recurrent_initializer': {'module': 'keras.initializers', 'class_name': 'Orthogonal', 'config': {'seed': None, 'gain': 1.0}, 'registered_name': None}, 'bias_initializer': {'module': 'keras.initializers', 'class_name': 'Zeros', 'config': {}, 'registered_name': None}, 'unit_forget_bias': True, 'kernel_regularizer': None, 'recurrent_regularizer': None, 'bias_regularizer': None, 'activity_regularizer': None, 'kernel_constraint': None, 'recurrent_constraint': None, 'bias_constraint': None, 'dropout': 0.0, 'recurrent_dropout': 0.0, 'seed': None}, 'registered_name': None, 'build_config': {'input_shape': [19, 20, 40]}}, {'module': 'keras.layers', 'class_name': 'Dropout', 'config': {'name': 'dropout_1', 'trainable': True, 'dtype': {'module': 'keras', 'class_name': 'DTypePolicy', 'config': {'name': 'float32'}, 'registered_name': None}, 'rate': 0.3, 'seed': None, 'noise_shape': None}, 'registered_name': None}, {'module': 'keras.layers', 'class_name': 'Dense', 'config': {'name': 'dense_1', 'trainable': True, 'dtype': {'module': 'keras', 'class_name': 'DTypePolicy', 'config': {'name': 'float32'}, 'registered_name': None}, 'units': 1, 'activation': 'sigmoid', 'use_bias': True, 'kernel_initializer': {'module': 'keras.initializers', 'class_name': 'GlorotUniform', 'config': {'seed': None}, 'registered_name': None}, 'bias_initializer': {'module': 'keras.initializers', 'class_name': 'Zeros', 'config': {}, 'registered_name': None}, 'kernel_regularizer': None, 'bias_regularizer': None, 'kernel_constraint': None, 'bias_constraint': None, 'quantization_config': None}, 'registered_name': None, 'build_config': {'input_shape': [19, 100]}}], 'build_input_shape': [19, 20]}, 'registered_name': None, 'build_config': {'input_shape': [19, 20]}, 'compile_config': {'optimizer': {'module': 'keras.optimizers', 'class_name': 'Adam', 'config': {'name': 'adam', 'learning_rate': 0.0010000000474974513, 'weight_decay': None, 'clipnorm': None, 'global_clipnorm': None, 'clipvalue': None, 'use_ema': False, 'ema_momentum': 0.99, 'ema_overwrite_frequency': None, 'loss_scale_factor': None, 'gradient_accumulation_steps': None, 'beta_1': 0.9, 'beta_2': 0.999, 'epsilon': 1e-07, 'amsgrad': False}, 'registered_name': None}, 'loss': 'binary_crossentropy', 'loss_weights': None, 'metrics': ['accuracy'], 'weighted_metrics': None, 'run_eagerly': False, 'steps_per_execution': 1, 'jit_compile': False}}.

Exception encountered: <class 'keras.src.layers.core.embedding.Embedding'> could not be deserialized properly. Please ensure that components that are Python object instances (layers, models, etc.) returned by `get_config()` are explicitly deserialized in the model's `from_config()` method.

config={'module': 'keras.layers', 'class_name': 'Embedding', 'config': {'name': 'embedding_1', 'trainable': True, 'dtype': {'module': 'keras', 'class_name': 'DTypePolicy', 'config': {'name': 'float32'}, 'registered_name': None}, 'input_dim': 5000, 'output_dim': 40, 'embeddings_initializer': {'module': 'keras.initializers', 'class_name': 'RandomUniform', 'config': {'seed': None, 'minval': -0.05, 'maxval': 0.05}, 'registered_name': None}, 'embeddings_regularizer': None, 'activity_regularizer': None, 'embeddings_constraint': None, 'mask_zero': False, 'quantization_config': None}, 'registered_name': None, 'build_config': {'input_shape': [19, 20]}}.

Exception encountered: Error when deserializing class 'Embedding' using config={'name': 'embedding_1', 'trainable': True, 'dtype': 'float32', 'input_dim': 5000, 'output_dim': 40, 'embeddings_initializer': {'module': 'keras.initializers', 'class_name': 'RandomUniform', 'config': {'seed': None, 'minval': -0.05, 'maxval': 0.05}, 'registered_name': None}, 'embeddings_regularizer': None, 'activity_regularizer': None, 'embeddings_constraint': None, 'mask_zero': False, 'quantization_config': None}.

Exception encountered: Unrecognized keyword arguments passed to Embedding: {'quantization_config': None}]
LINE - 50 : [ 2026-04-04 01:15:42,402 ] PredictionPipeline - INFO - Starting prediction process
LINE - 23 : [ 2026-04-04 01:15:42,403 ] PredictionPipeline - INFO - Preprocessing input text
LINE - 29 : [ 2026-04-04 01:15:42,408 ] ConfigLoader - INFO - Config loaded successfully from artifacts/preprocessor/feature_config.json
LINE - 85 : [ 2026-04-04 01:15:42,820 ] PredictionPipeline - INFO - Prediction successful
LINE - 50 : [ 2026-04-04 01:16:00,376 ] PredictionPipeline - INFO - Starting prediction process
LINE - 23 : [ 2026-04-04 01:16:00,377 ] PredictionPipeline - INFO - Preprocessing input text
LINE - 29 : [ 2026-04-04 01:16:00,380 ] ConfigLoader - INFO - Config loaded successfully from artifacts/preprocessor/feature_config.json
LINE - 85 : [ 2026-04-04 01:16:00,661 ] PredictionPipeline - INFO - Prediction successful
LINE - 50 : [ 2026-04-04 01:16:03,723 ] PredictionPipeline - INFO - Starting prediction process
LINE - 23 : [ 2026-04-04 01:16:03,723 ] PredictionPipeline - INFO - Preprocessing input text
LINE - 29 : [ 2026-04-04 01:16:03,724 ] ConfigLoader - INFO - Config loaded successfully from artifacts/preprocessor/feature_config.json
LINE - 85 : [ 2026-04-04 01:16:03,971 ] PredictionPipeline - INFO - Prediction successful
LINE - 50 : [ 2026-04-04 01:16:06,381 ] PredictionPipeline - INFO - Starting prediction process
LINE - 23 : [ 2026-04-04 01:16:06,381 ] PredictionPipeline - INFO - Preprocessing input text
LINE - 29 : [ 2026-04-04 01:16:06,382 ] ConfigLoader - INFO - Config loaded successfully from artifacts/preprocessor/feature_config.json
LINE - 85 : [ 2026-04-04 01:16:06,624 ] PredictionPipeline - INFO - Prediction successful
LINE - 50 : [ 2026-04-04 01:16:13,064 ] PredictionPipeline - INFO - Starting prediction process
LINE - 23 : [ 2026-04-04 01:16:13,065 ] PredictionPipeline - INFO - Preprocessing input text
LINE - 29 : [ 2026-04-04 01:16:13,067 ] ConfigLoader - INFO - Config loaded successfully from artifacts/preprocessor/feature_config.json
LINE - 85 : [ 2026-04-04 01:16:13,353 ] PredictionPipeline - INFO - Prediction successful
LINE - 50 : [ 2026-04-04 01:16:15,996 ] PredictionPipeline - INFO - Starting prediction process
LINE - 23 : [ 2026-04-04 01:16:15,996 ] PredictionPipeline - INFO - Preprocessing input text
LINE - 29 : [ 2026-04-04 01:16:15,998 ] ConfigLoader - INFO - Config loaded successfully from artifacts/preprocessor/feature_config.json
LINE - 85 : [ 2026-04-04 01:16:16,280 ] PredictionPipeline - INFO - Prediction successful
LINE - 50 : [ 2026-04-04 01:16:37,924 ] PredictionPipeline - INFO - Starting prediction process
LINE - 23 : [ 2026-04-04 01:16:37,924 ] PredictionPipeline - INFO - Preprocessing input text
LINE - 29 : [ 2026-04-04 01:16:37,938 ] ConfigLoader - INFO - Config loaded successfully from artifacts/preprocessor/feature_config.json
LINE - 85 : [ 2026-04-04 01:16:38,225 ] PredictionPipeline - INFO - Prediction successful
LINE - 36 : [ 2026-04-04 02:35:54,107 ] ModelEvaluation - INFO - Model Evaluation Started.
LINE - 29 : [ 2026-04-04 02:35:56,826 ] ConfigLoader - INFO - Config loaded successfully from artifacts/preprocessor/feature_config.json
LINE - 13 : [ 2026-04-04 02:35:56,829 ] Exception - ERROR - Error occurred in python script name [/Users/user/Documents/Data-Science/MLOPS/MLOPS-Fake-News_classifier/src/components/model_evaluation.py] line number [49] error message [name 'processed_text' is not defined]
LINE - 36 : [ 2026-04-04 02:37:00,896 ] ModelEvaluation - INFO - Model Evaluation Started.
LINE - 29 : [ 2026-04-04 02:37:02,679 ] ConfigLoader - INFO - Config loaded successfully from artifacts/preprocessor/feature_config.json
LINE - 13 : [ 2026-04-04 02:37:02,682 ] Exception - ERROR - Error occurred in python script name [/Users/user/Documents/Data-Science/MLOPS/MLOPS-Fake-News_classifier/src/components/model_evaluation.py] line number [52] error message [name 'tf' is not defined]
LINE - 37 : [ 2026-04-04 02:38:18,700 ] ModelEvaluation - INFO - Model Evaluation Started.
LINE - 29 : [ 2026-04-04 02:38:20,513 ] ConfigLoader - INFO - Config loaded successfully from artifacts/preprocessor/feature_config.json
LINE - 71 : [ 2026-04-04 02:38:28,682 ] ModelEvaluation - INFO - model Evaludation Completed
 Accuracy: 0.3448275862068966
 Precision: 0.25
 Recall: 0.13333333333333333
 F1 Score: 0.17391304347826086
