LINE - 34 : [ 2026-04-01 17:41:09,757 ] TrainPipeline - INFO - Training pipeline execution started
LINE - 60 : [ 2026-04-01 17:41:09,758 ] Data Ingestion - INFO - Data Ingestion started
LINE - 19 : [ 2026-04-01 17:41:09,758 ] Data Ingestion - INFO - Importing Data from mongodb
LINE - 23 : [ 2026-04-01 17:41:09,758 ] Mongodb_connection - INFO - Connecting to Mongodb...
LINE - 58 : [ 2026-04-01 17:41:10,816 ] Mongodb_connection - INFO - Connected to mongodb.
LINE - 28 : [ 2026-04-01 17:41:10,816 ] Fake news Data - INFO - Fetching Data from mongoDb...
LINE - 44 : [ 2026-04-01 17:41:13,286 ] Fake news Data - INFO - Data Fetched Successfully
LINE - 26 : [ 2026-04-01 17:41:13,287 ] Data Ingestion - INFO - Shape of data : (5200, 7)
LINE - 29 : [ 2026-04-01 17:41:13,287 ] Data Ingestion - INFO - Saving Raw data to feature store
LINE - 31 : [ 2026-04-01 17:41:13,752 ] Data Ingestion - INFO - Data Saved to feature_store: artifacts/feature_store/data.csv
LINE - 40 : [ 2026-04-01 17:41:13,753 ] Data Ingestion - INFO - Splitting data into train and test started
LINE - 42 : [ 2026-04-01 17:41:13,758 ] Data Ingestion - INFO - Data splitting Done
LINE - 44 : [ 2026-04-01 17:41:13,758 ] Data Ingestion - INFO - Saving Data to train and test folder
LINE - 53 : [ 2026-04-01 17:41:14,212 ] Data Ingestion - INFO - Train and test data saved: 
Train path: artifacts/train/train.csv
 Test path: artifacts/test/test.csv
LINE - 63 : [ 2026-04-01 17:41:14,212 ] Data Ingestion - INFO - Exiting Data Ingestion
LINE - 32 : [ 2026-04-01 17:41:14,216 ] Data preprocessing - INFO - Data preprocessing Started
LINE - 13 : [ 2026-04-01 17:41:14,217 ] Exception - ERROR - Error occurred in python script name [/Users/user/Documents/Data-Science/MLOPS/MLOPS-Fake-News_classifier/src/pipeline/train_pipeline.py] line number [40] error message [name 'pd' is not defined]
LINE - 36 : [ 2026-04-01 17:41:52,051 ] TrainPipeline - INFO - Training pipeline execution started
LINE - 60 : [ 2026-04-01 17:41:52,051 ] Data Ingestion - INFO - Data Ingestion started
LINE - 19 : [ 2026-04-01 17:41:52,052 ] Data Ingestion - INFO - Importing Data from mongodb
LINE - 23 : [ 2026-04-01 17:41:52,052 ] Mongodb_connection - INFO - Connecting to Mongodb...
LINE - 58 : [ 2026-04-01 17:41:52,666 ] Mongodb_connection - INFO - Connected to mongodb.
LINE - 28 : [ 2026-04-01 17:41:52,667 ] Fake news Data - INFO - Fetching Data from mongoDb...
LINE - 44 : [ 2026-04-01 17:41:55,649 ] Fake news Data - INFO - Data Fetched Successfully
LINE - 26 : [ 2026-04-01 17:41:55,650 ] Data Ingestion - INFO - Shape of data : (5200, 7)
LINE - 29 : [ 2026-04-01 17:41:55,650 ] Data Ingestion - INFO - Saving Raw data to feature store
LINE - 31 : [ 2026-04-01 17:41:56,113 ] Data Ingestion - INFO - Data Saved to feature_store: artifacts/feature_store/data.csv
LINE - 40 : [ 2026-04-01 17:41:56,113 ] Data Ingestion - INFO - Splitting data into train and test started
LINE - 42 : [ 2026-04-01 17:41:56,118 ] Data Ingestion - INFO - Data splitting Done
LINE - 44 : [ 2026-04-01 17:41:56,118 ] Data Ingestion - INFO - Saving Data to train and test folder
LINE - 53 : [ 2026-04-01 17:41:56,592 ] Data Ingestion - INFO - Train and test data saved: 
Train path: artifacts/train/train.csv
 Test path: artifacts/test/test.csv
LINE - 63 : [ 2026-04-01 17:41:56,592 ] Data Ingestion - INFO - Exiting Data Ingestion
LINE - 32 : [ 2026-04-01 17:41:56,595 ] Data preprocessing - INFO - Data preprocessing Started
LINE - 13 : [ 2026-04-01 17:41:56,595 ] Exception - ERROR - Error occurred in python script name [/Users/user/Documents/Data-Science/MLOPS/MLOPS-Fake-News_classifier/src/pipeline/train_pipeline.py] line number [42] error message [name 'pd' is not defined]
LINE - 36 : [ 2026-04-01 17:43:07,207 ] TrainPipeline - INFO - Training pipeline execution started
LINE - 60 : [ 2026-04-01 17:43:07,208 ] Data Ingestion - INFO - Data Ingestion started
LINE - 19 : [ 2026-04-01 17:43:07,208 ] Data Ingestion - INFO - Importing Data from mongodb
LINE - 23 : [ 2026-04-01 17:43:07,208 ] Mongodb_connection - INFO - Connecting to Mongodb...
LINE - 58 : [ 2026-04-01 17:43:07,808 ] Mongodb_connection - INFO - Connected to mongodb.
LINE - 28 : [ 2026-04-01 17:43:07,808 ] Fake news Data - INFO - Fetching Data from mongoDb...
LINE - 44 : [ 2026-04-01 17:43:11,426 ] Fake news Data - INFO - Data Fetched Successfully
LINE - 26 : [ 2026-04-01 17:43:11,427 ] Data Ingestion - INFO - Shape of data : (5200, 7)
LINE - 29 : [ 2026-04-01 17:43:11,427 ] Data Ingestion - INFO - Saving Raw data to feature store
LINE - 31 : [ 2026-04-01 17:43:11,879 ] Data Ingestion - INFO - Data Saved to feature_store: artifacts/feature_store/data.csv
LINE - 40 : [ 2026-04-01 17:43:11,879 ] Data Ingestion - INFO - Splitting data into train and test started
LINE - 42 : [ 2026-04-01 17:43:11,881 ] Data Ingestion - INFO - Data splitting Done
LINE - 44 : [ 2026-04-01 17:43:11,881 ] Data Ingestion - INFO - Saving Data to train and test folder
LINE - 53 : [ 2026-04-01 17:43:12,331 ] Data Ingestion - INFO - Train and test data saved: 
Train path: artifacts/train/train.csv
 Test path: artifacts/test/test.csv
LINE - 63 : [ 2026-04-01 17:43:12,332 ] Data Ingestion - INFO - Exiting Data Ingestion
LINE - 34 : [ 2026-04-01 17:43:12,334 ] Data preprocessing - INFO - Data preprocessing Started
LINE - 13 : [ 2026-04-01 17:43:15,930 ] Exception - ERROR - Error occurred in python script name [/Users/user/Documents/Data-Science/MLOPS/MLOPS-Fake-News_classifier/src/pipeline/train_pipeline.py] line number [42] error message [name 'os' is not defined]
LINE - 36 : [ 2026-04-01 17:43:40,320 ] TrainPipeline - INFO - Training pipeline execution started
LINE - 60 : [ 2026-04-01 17:43:40,321 ] Data Ingestion - INFO - Data Ingestion started
LINE - 19 : [ 2026-04-01 17:43:40,321 ] Data Ingestion - INFO - Importing Data from mongodb
LINE - 23 : [ 2026-04-01 17:43:40,321 ] Mongodb_connection - INFO - Connecting to Mongodb...
LINE - 58 : [ 2026-04-01 17:43:40,887 ] Mongodb_connection - INFO - Connected to mongodb.
LINE - 28 : [ 2026-04-01 17:43:40,887 ] Fake news Data - INFO - Fetching Data from mongoDb...
LINE - 44 : [ 2026-04-01 17:43:45,418 ] Fake news Data - INFO - Data Fetched Successfully
LINE - 26 : [ 2026-04-01 17:43:45,419 ] Data Ingestion - INFO - Shape of data : (5200, 7)
LINE - 29 : [ 2026-04-01 17:43:45,419 ] Data Ingestion - INFO - Saving Raw data to feature store
LINE - 31 : [ 2026-04-01 17:43:45,859 ] Data Ingestion - INFO - Data Saved to feature_store: artifacts/feature_store/data.csv
LINE - 40 : [ 2026-04-01 17:43:45,859 ] Data Ingestion - INFO - Splitting data into train and test started
LINE - 42 : [ 2026-04-01 17:43:45,860 ] Data Ingestion - INFO - Data splitting Done
LINE - 44 : [ 2026-04-01 17:43:45,861 ] Data Ingestion - INFO - Saving Data to train and test folder
LINE - 53 : [ 2026-04-01 17:43:46,293 ] Data Ingestion - INFO - Train and test data saved: 
Train path: artifacts/train/train.csv
 Test path: artifacts/test/test.csv
LINE - 63 : [ 2026-04-01 17:43:46,294 ] Data Ingestion - INFO - Exiting Data Ingestion
LINE - 35 : [ 2026-04-01 17:43:46,299 ] Data preprocessing - INFO - Data preprocessing Started
LINE - 54 : [ 2026-04-01 17:43:49,901 ] Data preprocessing - INFO - Data preprocessing Finished
LINE - 13 : [ 2026-04-01 17:43:49,904 ] Exception - ERROR - Error occurred in python script name [/Users/user/Documents/Data-Science/MLOPS/MLOPS-Fake-News_classifier/src/pipeline/train_pipeline.py] line number [45] error message [name 'pd' is not defined]
LINE - 36 : [ 2026-04-01 17:44:15,329 ] TrainPipeline - INFO - Training pipeline execution started
LINE - 60 : [ 2026-04-01 17:44:15,330 ] Data Ingestion - INFO - Data Ingestion started
LINE - 19 : [ 2026-04-01 17:44:15,331 ] Data Ingestion - INFO - Importing Data from mongodb
LINE - 23 : [ 2026-04-01 17:44:15,331 ] Mongodb_connection - INFO - Connecting to Mongodb...
LINE - 58 : [ 2026-04-01 19:05:54,779 ] Mongodb_connection - INFO - Connected to mongodb.
LINE - 28 : [ 2026-04-01 19:05:54,781 ] Fake news Data - INFO - Fetching Data from mongoDb...
LINE - 44 : [ 2026-04-01 19:05:59,391 ] Fake news Data - INFO - Data Fetched Successfully
LINE - 26 : [ 2026-04-01 19:05:59,392 ] Data Ingestion - INFO - Shape of data : (5200, 7)
LINE - 29 : [ 2026-04-01 19:05:59,392 ] Data Ingestion - INFO - Saving Raw data to feature store
LINE - 31 : [ 2026-04-01 19:05:59,814 ] Data Ingestion - INFO - Data Saved to feature_store: artifacts/feature_store/data.csv
LINE - 40 : [ 2026-04-01 19:05:59,814 ] Data Ingestion - INFO - Splitting data into train and test started
LINE - 42 : [ 2026-04-01 19:05:59,819 ] Data Ingestion - INFO - Data splitting Done
LINE - 44 : [ 2026-04-01 19:05:59,819 ] Data Ingestion - INFO - Saving Data to train and test folder
LINE - 53 : [ 2026-04-01 19:06:00,243 ] Data Ingestion - INFO - Train and test data saved: 
Train path: artifacts/train/train.csv
 Test path: artifacts/test/test.csv
LINE - 63 : [ 2026-04-01 19:06:00,244 ] Data Ingestion - INFO - Exiting Data Ingestion
LINE - 35 : [ 2026-04-01 19:06:00,246 ] Data preprocessing - INFO - Data preprocessing Started
LINE - 54 : [ 2026-04-01 19:22:40,712 ] Data preprocessing - INFO - Data preprocessing Finished
LINE - 13 : [ 2026-04-01 19:22:40,721 ] Exception - ERROR - Error occurred in python script name [/Users/user/Documents/Data-Science/MLOPS/MLOPS-Fake-News_classifier/src/pipeline/train_pipeline.py] line number [45] error message [[Errno 17] File exists: 'artifacts/preprocessor/preprocessor.pkl']
