LINE - 36 : [ 2026-04-02 03:10:08,728 ] TrainPipeline - INFO - Training pipeline execution started
LINE - 60 : [ 2026-04-02 03:10:08,729 ] Data Ingestion - INFO - Data Ingestion started
LINE - 19 : [ 2026-04-02 03:10:08,729 ] Data Ingestion - INFO - Importing Data from mongodb
LINE - 23 : [ 2026-04-02 03:10:08,729 ] Mongodb_connection - INFO - Connecting to Mongodb...
LINE - 58 : [ 2026-04-02 03:10:09,577 ] Mongodb_connection - INFO - Connected to mongodb.
LINE - 28 : [ 2026-04-02 03:10:09,577 ] Fake news Data - INFO - Fetching Data from mongoDb...
LINE - 44 : [ 2026-04-02 03:10:11,167 ] Fake news Data - INFO - Data Fetched Successfully
LINE - 26 : [ 2026-04-02 03:10:11,168 ] Data Ingestion - INFO - Shape of data : (5200, 7)
LINE - 29 : [ 2026-04-02 03:10:11,168 ] Data Ingestion - INFO - Saving Raw data to feature store
LINE - 31 : [ 2026-04-02 03:10:11,614 ] Data Ingestion - INFO - Data Saved to feature_store: artifacts/feature_store/data.csv
LINE - 40 : [ 2026-04-02 03:10:11,614 ] Data Ingestion - INFO - Splitting data into train and test started
LINE - 42 : [ 2026-04-02 03:10:11,618 ] Data Ingestion - INFO - Data splitting Done
LINE - 44 : [ 2026-04-02 03:10:11,618 ] Data Ingestion - INFO - Saving Data to train and test folder
LINE - 53 : [ 2026-04-02 03:10:12,241 ] Data Ingestion - INFO - Train and test data saved: 
Train path: artifacts/train/train.csv
 Test path: artifacts/test/test.csv
LINE - 63 : [ 2026-04-02 03:10:12,242 ] Data Ingestion - INFO - Exiting Data Ingestion
LINE - 35 : [ 2026-04-02 03:10:12,245 ] Data preprocessing - INFO - Data preprocessing Started
LINE - 54 : [ 2026-04-02 03:10:15,755 ] Data preprocessing - INFO - Data preprocessing Finished
LINE - 13 : [ 2026-04-02 03:10:15,763 ] Exception - ERROR - Error occurred in python script name [/Users/user/Documents/Data-Science/MLOPS/MLOPS-Fake-News_classifier/src/pipeline/train_pipeline.py] line number [45] error message [[Errno 17] File exists: 'artifacts/preprocessor/preprocessor.pkl']
LINE - 36 : [ 2026-04-02 03:11:44,836 ] TrainPipeline - INFO - Training pipeline execution started
LINE - 60 : [ 2026-04-02 03:11:44,837 ] Data Ingestion - INFO - Data Ingestion started
LINE - 19 : [ 2026-04-02 03:11:44,838 ] Data Ingestion - INFO - Importing Data from mongodb
LINE - 23 : [ 2026-04-02 03:11:44,838 ] Mongodb_connection - INFO - Connecting to Mongodb...
LINE - 58 : [ 2026-04-02 03:11:45,436 ] Mongodb_connection - INFO - Connected to mongodb.
LINE - 28 : [ 2026-04-02 03:11:45,437 ] Fake news Data - INFO - Fetching Data from mongoDb...
LINE - 44 : [ 2026-04-02 03:11:47,692 ] Fake news Data - INFO - Data Fetched Successfully
LINE - 26 : [ 2026-04-02 03:11:47,695 ] Data Ingestion - INFO - Shape of data : (5200, 7)
LINE - 29 : [ 2026-04-02 03:11:47,695 ] Data Ingestion - INFO - Saving Raw data to feature store
LINE - 31 : [ 2026-04-02 03:11:48,462 ] Data Ingestion - INFO - Data Saved to feature_store: artifacts/feature_store/data.csv
LINE - 40 : [ 2026-04-02 03:11:48,462 ] Data Ingestion - INFO - Splitting data into train and test started
LINE - 42 : [ 2026-04-02 03:11:48,467 ] Data Ingestion - INFO - Data splitting Done
LINE - 44 : [ 2026-04-02 03:11:48,467 ] Data Ingestion - INFO - Saving Data to train and test folder
LINE - 53 : [ 2026-04-02 03:11:48,920 ] Data Ingestion - INFO - Train and test data saved: 
Train path: artifacts/train/train.csv
 Test path: artifacts/test/test.csv
LINE - 63 : [ 2026-04-02 03:11:48,921 ] Data Ingestion - INFO - Exiting Data Ingestion
LINE - 35 : [ 2026-04-02 03:11:48,924 ] Data preprocessing - INFO - Data preprocessing Started
LINE - 54 : [ 2026-04-02 03:11:52,725 ] Data preprocessing - INFO - Data preprocessing Finished
LINE - 69 : [ 2026-04-02 03:11:52,735 ] ConfigLoader - INFO - Feature Engineering Started.
LINE - 13 : [ 2026-04-02 03:11:52,736 ] Exception - ERROR - Error occurred in python script name [/Users/user/Documents/Data-Science/MLOPS/MLOPS-Fake-News_classifier/src/components/data_feature_engineering.py] line number [72] error message ['DataFeatureEngineering' object has no attribute 'data_preprocessing_artifact']
LINE - 13 : [ 2026-04-02 03:11:52,736 ] Exception - ERROR - Error occurred in python script name [/Users/user/Documents/Data-Science/MLOPS/MLOPS-Fake-News_classifier/src/pipeline/train_pipeline.py] line number [45] error message [Error occurred in python script name [/Users/user/Documents/Data-Science/MLOPS/MLOPS-Fake-News_classifier/src/components/data_feature_engineering.py] line number [72] error message ['DataFeatureEngineering' object has no attribute 'data_preprocessing_artifact']]
LINE - 36 : [ 2026-04-02 03:13:20,722 ] TrainPipeline - INFO - Training pipeline execution started
LINE - 60 : [ 2026-04-02 03:13:20,723 ] Data Ingestion - INFO - Data Ingestion started
LINE - 19 : [ 2026-04-02 03:13:20,723 ] Data Ingestion - INFO - Importing Data from mongodb
LINE - 23 : [ 2026-04-02 03:13:20,723 ] Mongodb_connection - INFO - Connecting to Mongodb...
LINE - 58 : [ 2026-04-02 03:13:21,368 ] Mongodb_connection - INFO - Connected to mongodb.
LINE - 28 : [ 2026-04-02 03:13:21,368 ] Fake news Data - INFO - Fetching Data from mongoDb...
LINE - 44 : [ 2026-04-02 03:13:23,582 ] Fake news Data - INFO - Data Fetched Successfully
LINE - 26 : [ 2026-04-02 03:13:23,583 ] Data Ingestion - INFO - Shape of data : (5200, 7)
LINE - 29 : [ 2026-04-02 03:13:23,583 ] Data Ingestion - INFO - Saving Raw data to feature store
LINE - 31 : [ 2026-04-02 03:13:24,017 ] Data Ingestion - INFO - Data Saved to feature_store: artifacts/feature_store/data.csv
LINE - 40 : [ 2026-04-02 03:13:24,017 ] Data Ingestion - INFO - Splitting data into train and test started
LINE - 42 : [ 2026-04-02 03:13:24,020 ] Data Ingestion - INFO - Data splitting Done
LINE - 44 : [ 2026-04-02 03:13:24,020 ] Data Ingestion - INFO - Saving Data to train and test folder
LINE - 53 : [ 2026-04-02 03:13:24,468 ] Data Ingestion - INFO - Train and test data saved: 
Train path: artifacts/train/train.csv
 Test path: artifacts/test/test.csv
LINE - 63 : [ 2026-04-02 03:13:24,469 ] Data Ingestion - INFO - Exiting Data Ingestion
LINE - 35 : [ 2026-04-02 03:13:24,471 ] Data preprocessing - INFO - Data preprocessing Started
LINE - 54 : [ 2026-04-02 03:13:28,340 ] Data preprocessing - INFO - Data preprocessing Finished
LINE - 70 : [ 2026-04-02 03:13:28,349 ] ConfigLoader - INFO - Feature Engineering Started.
LINE - 13 : [ 2026-04-02 03:13:28,515 ] Exception - ERROR - Error occurred in python script name [/Users/user/Documents/Data-Science/MLOPS/MLOPS-Fake-News_classifier/src/components/data_feature_engineering.py] line number [77] error message [[Errno 17] File exists: 'artifacts/preprocessor/preprocessor.pkl']
LINE - 13 : [ 2026-04-02 03:13:28,515 ] Exception - ERROR - Error occurred in python script name [/Users/user/Documents/Data-Science/MLOPS/MLOPS-Fake-News_classifier/src/pipeline/train_pipeline.py] line number [45] error message [Error occurred in python script name [/Users/user/Documents/Data-Science/MLOPS/MLOPS-Fake-News_classifier/src/components/data_feature_engineering.py] line number [77] error message [[Errno 17] File exists: 'artifacts/preprocessor/preprocessor.pkl']]
LINE - 36 : [ 2026-04-02 03:14:08,289 ] TrainPipeline - INFO - Training pipeline execution started
LINE - 60 : [ 2026-04-02 03:14:08,290 ] Data Ingestion - INFO - Data Ingestion started
LINE - 19 : [ 2026-04-02 03:14:08,290 ] Data Ingestion - INFO - Importing Data from mongodb
LINE - 23 : [ 2026-04-02 03:14:08,290 ] Mongodb_connection - INFO - Connecting to Mongodb...
LINE - 58 : [ 2026-04-02 03:14:08,863 ] Mongodb_connection - INFO - Connected to mongodb.
LINE - 28 : [ 2026-04-02 03:14:08,864 ] Fake news Data - INFO - Fetching Data from mongoDb...
LINE - 44 : [ 2026-04-02 03:14:10,669 ] Fake news Data - INFO - Data Fetched Successfully
LINE - 26 : [ 2026-04-02 03:14:10,669 ] Data Ingestion - INFO - Shape of data : (5200, 7)
LINE - 29 : [ 2026-04-02 03:14:10,669 ] Data Ingestion - INFO - Saving Raw data to feature store
LINE - 31 : [ 2026-04-02 03:14:11,106 ] Data Ingestion - INFO - Data Saved to feature_store: artifacts/feature_store/data.csv
LINE - 40 : [ 2026-04-02 03:14:11,106 ] Data Ingestion - INFO - Splitting data into train and test started
LINE - 42 : [ 2026-04-02 03:14:11,108 ] Data Ingestion - INFO - Data splitting Done
LINE - 44 : [ 2026-04-02 03:14:11,108 ] Data Ingestion - INFO - Saving Data to train and test folder
LINE - 53 : [ 2026-04-02 03:14:11,550 ] Data Ingestion - INFO - Train and test data saved: 
Train path: artifacts/train/train.csv
 Test path: artifacts/test/test.csv
LINE - 63 : [ 2026-04-02 03:14:11,550 ] Data Ingestion - INFO - Exiting Data Ingestion
LINE - 35 : [ 2026-04-02 03:14:11,562 ] Data preprocessing - INFO - Data preprocessing Started
LINE - 54 : [ 2026-04-02 03:14:15,172 ] Data preprocessing - INFO - Data preprocessing Finished
LINE - 70 : [ 2026-04-02 03:14:15,181 ] ConfigLoader - INFO - Feature Engineering Started.
LINE - 12 : [ 2026-04-02 03:14:15,333 ] ConfigLoader - INFO - Saving Object
LINE - 13 : [ 2026-04-02 03:14:15,376 ] Exception - ERROR - Error occurred in python script name [/Users/user/Documents/Data-Science/MLOPS/MLOPS-Fake-News_classifier/src/utils/main_utils.py] line number [39] error message [[Errno 17] File exists: 'artifacts/data_corpus/train_corpus.csv']
LINE - 13 : [ 2026-04-02 03:14:15,376 ] Exception - ERROR - Error occurred in python script name [/Users/user/Documents/Data-Science/MLOPS/MLOPS-Fake-News_classifier/src/components/data_feature_engineering.py] line number [94] error message [Error occurred in python script name [/Users/user/Documents/Data-Science/MLOPS/MLOPS-Fake-News_classifier/src/utils/main_utils.py] line number [39] error message [[Errno 17] File exists: 'artifacts/data_corpus/train_corpus.csv']]
LINE - 13 : [ 2026-04-02 03:14:15,376 ] Exception - ERROR - Error occurred in python script name [/Users/user/Documents/Data-Science/MLOPS/MLOPS-Fake-News_classifier/src/pipeline/train_pipeline.py] line number [45] error message [Error occurred in python script name [/Users/user/Documents/Data-Science/MLOPS/MLOPS-Fake-News_classifier/src/components/data_feature_engineering.py] line number [94] error message [Error occurred in python script name [/Users/user/Documents/Data-Science/MLOPS/MLOPS-Fake-News_classifier/src/utils/main_utils.py] line number [39] error message [[Errno 17] File exists: 'artifacts/data_corpus/train_corpus.csv']]]
LINE - 36 : [ 2026-04-02 03:16:02,021 ] TrainPipeline - INFO - Training pipeline execution started
LINE - 60 : [ 2026-04-02 03:16:02,021 ] Data Ingestion - INFO - Data Ingestion started
LINE - 19 : [ 2026-04-02 03:16:02,021 ] Data Ingestion - INFO - Importing Data from mongodb
LINE - 23 : [ 2026-04-02 03:16:02,022 ] Mongodb_connection - INFO - Connecting to Mongodb...
LINE - 58 : [ 2026-04-02 03:16:02,677 ] Mongodb_connection - INFO - Connected to mongodb.
LINE - 28 : [ 2026-04-02 03:16:02,678 ] Fake news Data - INFO - Fetching Data from mongoDb...
LINE - 44 : [ 2026-04-02 03:16:04,460 ] Fake news Data - INFO - Data Fetched Successfully
LINE - 26 : [ 2026-04-02 03:16:04,461 ] Data Ingestion - INFO - Shape of data : (5200, 7)
LINE - 29 : [ 2026-04-02 03:16:04,462 ] Data Ingestion - INFO - Saving Raw data to feature store
LINE - 31 : [ 2026-04-02 03:16:04,912 ] Data Ingestion - INFO - Data Saved to feature_store: artifacts/feature_store/data.csv
LINE - 40 : [ 2026-04-02 03:16:04,912 ] Data Ingestion - INFO - Splitting data into train and test started
LINE - 42 : [ 2026-04-02 03:16:04,914 ] Data Ingestion - INFO - Data splitting Done
LINE - 44 : [ 2026-04-02 03:16:04,915 ] Data Ingestion - INFO - Saving Data to train and test folder
LINE - 53 : [ 2026-04-02 03:16:05,397 ] Data Ingestion - INFO - Train and test data saved: 
Train path: artifacts/train/train.csv
 Test path: artifacts/test/test.csv
LINE - 63 : [ 2026-04-02 03:16:05,398 ] Data Ingestion - INFO - Exiting Data Ingestion
LINE - 35 : [ 2026-04-02 03:16:05,410 ] Data preprocessing - INFO - Data preprocessing Started
LINE - 54 : [ 2026-04-02 03:16:09,116 ] Data preprocessing - INFO - Data preprocessing Finished
LINE - 70 : [ 2026-04-02 03:16:09,125 ] ConfigLoader - INFO - Feature Engineering Started.
LINE - 12 : [ 2026-04-02 03:16:09,288 ] ConfigLoader - INFO - Saving Object
LINE - 13 : [ 2026-04-02 03:16:09,331 ] Exception - ERROR - Error occurred in python script name [/Users/user/Documents/Data-Science/MLOPS/MLOPS-Fake-News_classifier/src/components/data_feature_engineering.py] line number [97] error message [DataFeatureEngineerArtifact.__init__() missing 1 required positional argument: 'padded_sequence']
LINE - 13 : [ 2026-04-02 03:16:09,331 ] Exception - ERROR - Error occurred in python script name [/Users/user/Documents/Data-Science/MLOPS/MLOPS-Fake-News_classifier/src/pipeline/train_pipeline.py] line number [45] error message [Error occurred in python script name [/Users/user/Documents/Data-Science/MLOPS/MLOPS-Fake-News_classifier/src/components/data_feature_engineering.py] line number [97] error message [DataFeatureEngineerArtifact.__init__() missing 1 required positional argument: 'padded_sequence']]
LINE - 36 : [ 2026-04-02 03:17:12,969 ] TrainPipeline - INFO - Training pipeline execution started
LINE - 60 : [ 2026-04-02 03:17:12,970 ] Data Ingestion - INFO - Data Ingestion started
LINE - 19 : [ 2026-04-02 03:17:12,970 ] Data Ingestion - INFO - Importing Data from mongodb
LINE - 23 : [ 2026-04-02 03:17:12,970 ] Mongodb_connection - INFO - Connecting to Mongodb...
LINE - 58 : [ 2026-04-02 03:17:13,721 ] Mongodb_connection - INFO - Connected to mongodb.
LINE - 28 : [ 2026-04-02 03:17:13,722 ] Fake news Data - INFO - Fetching Data from mongoDb...
LINE - 44 : [ 2026-04-02 03:17:16,101 ] Fake news Data - INFO - Data Fetched Successfully
LINE - 26 : [ 2026-04-02 03:17:16,101 ] Data Ingestion - INFO - Shape of data : (5200, 7)
LINE - 29 : [ 2026-04-02 03:17:16,101 ] Data Ingestion - INFO - Saving Raw data to feature store
LINE - 31 : [ 2026-04-02 03:17:16,587 ] Data Ingestion - INFO - Data Saved to feature_store: artifacts/feature_store/data.csv
LINE - 40 : [ 2026-04-02 03:17:16,587 ] Data Ingestion - INFO - Splitting data into train and test started
LINE - 42 : [ 2026-04-02 03:17:16,591 ] Data Ingestion - INFO - Data splitting Done
LINE - 44 : [ 2026-04-02 03:17:16,591 ] Data Ingestion - INFO - Saving Data to train and test folder
LINE - 53 : [ 2026-04-02 03:17:17,047 ] Data Ingestion - INFO - Train and test data saved: 
Train path: artifacts/train/train.csv
 Test path: artifacts/test/test.csv
LINE - 63 : [ 2026-04-02 03:17:17,047 ] Data Ingestion - INFO - Exiting Data Ingestion
LINE - 35 : [ 2026-04-02 03:17:17,050 ] Data preprocessing - INFO - Data preprocessing Started
LINE - 54 : [ 2026-04-02 03:17:23,264 ] Data preprocessing - INFO - Data preprocessing Finished
LINE - 70 : [ 2026-04-02 03:17:23,275 ] ConfigLoader - INFO - Feature Engineering Started.
LINE - 12 : [ 2026-04-02 03:17:23,436 ] ConfigLoader - INFO - Saving Object
LINE - 13 : [ 2026-04-02 03:17:23,480 ] Exception - ERROR - Error occurred in python script name [/Users/user/Documents/Data-Science/MLOPS/MLOPS-Fake-News_classifier/src/pipeline/train_pipeline.py] line number [49] error message [name 'feature_engineering_artifact' is not defined]
LINE - 36 : [ 2026-04-02 03:18:04,859 ] TrainPipeline - INFO - Training pipeline execution started
LINE - 60 : [ 2026-04-02 03:18:04,860 ] Data Ingestion - INFO - Data Ingestion started
LINE - 19 : [ 2026-04-02 03:18:04,860 ] Data Ingestion - INFO - Importing Data from mongodb
LINE - 23 : [ 2026-04-02 03:18:04,860 ] Mongodb_connection - INFO - Connecting to Mongodb...
LINE - 58 : [ 2026-04-02 03:18:05,416 ] Mongodb_connection - INFO - Connected to mongodb.
LINE - 28 : [ 2026-04-02 03:18:05,417 ] Fake news Data - INFO - Fetching Data from mongoDb...
LINE - 44 : [ 2026-04-02 03:18:07,318 ] Fake news Data - INFO - Data Fetched Successfully
LINE - 26 : [ 2026-04-02 03:18:07,318 ] Data Ingestion - INFO - Shape of data : (5200, 7)
LINE - 29 : [ 2026-04-02 03:18:07,318 ] Data Ingestion - INFO - Saving Raw data to feature store
LINE - 31 : [ 2026-04-02 03:18:07,759 ] Data Ingestion - INFO - Data Saved to feature_store: artifacts/feature_store/data.csv
LINE - 40 : [ 2026-04-02 03:18:07,759 ] Data Ingestion - INFO - Splitting data into train and test started
LINE - 42 : [ 2026-04-02 03:18:07,762 ] Data Ingestion - INFO - Data splitting Done
LINE - 44 : [ 2026-04-02 03:18:07,762 ] Data Ingestion - INFO - Saving Data to train and test folder
LINE - 53 : [ 2026-04-02 03:18:08,202 ] Data Ingestion - INFO - Train and test data saved: 
Train path: artifacts/train/train.csv
 Test path: artifacts/test/test.csv
LINE - 63 : [ 2026-04-02 03:18:08,202 ] Data Ingestion - INFO - Exiting Data Ingestion
LINE - 35 : [ 2026-04-02 03:18:08,214 ] Data preprocessing - INFO - Data preprocessing Started
LINE - 54 : [ 2026-04-02 03:18:12,009 ] Data preprocessing - INFO - Data preprocessing Finished
LINE - 70 : [ 2026-04-02 03:18:12,020 ] ConfigLoader - INFO - Feature Engineering Started.
LINE - 12 : [ 2026-04-02 03:18:12,178 ] ConfigLoader - INFO - Saving Object
LINE - 13 : [ 2026-04-02 03:18:12,221 ] Exception - ERROR - Error occurred in python script name [/Users/user/Documents/Data-Science/MLOPS/MLOPS-Fake-News_classifier/src/pipeline/train_pipeline.py] line number [50] error message [ModelTrainer.initiate_model_trainer() takes 2 positional arguments but 3 were given]
LINE - 36 : [ 2026-04-02 03:19:05,800 ] TrainPipeline - INFO - Training pipeline execution started
LINE - 60 : [ 2026-04-02 03:19:05,801 ] Data Ingestion - INFO - Data Ingestion started
LINE - 19 : [ 2026-04-02 03:19:05,801 ] Data Ingestion - INFO - Importing Data from mongodb
LINE - 23 : [ 2026-04-02 03:19:05,801 ] Mongodb_connection - INFO - Connecting to Mongodb...
LINE - 58 : [ 2026-04-02 03:19:06,450 ] Mongodb_connection - INFO - Connected to mongodb.
LINE - 28 : [ 2026-04-02 03:19:06,450 ] Fake news Data - INFO - Fetching Data from mongoDb...
LINE - 44 : [ 2026-04-02 03:19:08,912 ] Fake news Data - INFO - Data Fetched Successfully
LINE - 26 : [ 2026-04-02 03:19:08,912 ] Data Ingestion - INFO - Shape of data : (5200, 7)
LINE - 29 : [ 2026-04-02 03:19:08,912 ] Data Ingestion - INFO - Saving Raw data to feature store
LINE - 31 : [ 2026-04-02 03:19:09,368 ] Data Ingestion - INFO - Data Saved to feature_store: artifacts/feature_store/data.csv
LINE - 40 : [ 2026-04-02 03:19:09,368 ] Data Ingestion - INFO - Splitting data into train and test started
LINE - 42 : [ 2026-04-02 03:19:09,371 ] Data Ingestion - INFO - Data splitting Done
LINE - 44 : [ 2026-04-02 03:19:09,371 ] Data Ingestion - INFO - Saving Data to train and test folder
LINE - 53 : [ 2026-04-02 03:19:09,837 ] Data Ingestion - INFO - Train and test data saved: 
Train path: artifacts/train/train.csv
 Test path: artifacts/test/test.csv
LINE - 63 : [ 2026-04-02 03:19:09,838 ] Data Ingestion - INFO - Exiting Data Ingestion
LINE - 35 : [ 2026-04-02 03:19:09,840 ] Data preprocessing - INFO - Data preprocessing Started
LINE - 54 : [ 2026-04-02 03:19:13,489 ] Data preprocessing - INFO - Data preprocessing Finished
LINE - 70 : [ 2026-04-02 03:19:13,499 ] ConfigLoader - INFO - Feature Engineering Started.
LINE - 12 : [ 2026-04-02 03:19:13,654 ] ConfigLoader - INFO - Saving Object
LINE - 81 : [ 2026-04-02 03:19:13,697 ] Model training - INFO - Model Training Stasrted
LINE - 82 : [ 2026-04-02 03:19:13,697 ] Model training - INFO - loading feature config..
LINE - 13 : [ 2026-04-02 03:19:14,593 ] Exception - ERROR - Error occurred in python script name [/Users/user/Documents/Data-Science/MLOPS/MLOPS-Fake-News_classifier/src/pipeline/train_pipeline.py] line number [50] error message [Cannot set a deleted experiment 'Fake-News-Classifier' as the active experiment. You can restore the experiment, or permanently delete the experiment to create a new one.]
LINE - 36 : [ 2026-04-02 03:20:23,645 ] TrainPipeline - INFO - Training pipeline execution started
LINE - 60 : [ 2026-04-02 03:20:23,646 ] Data Ingestion - INFO - Data Ingestion started
LINE - 19 : [ 2026-04-02 03:20:23,647 ] Data Ingestion - INFO - Importing Data from mongodb
LINE - 23 : [ 2026-04-02 03:20:23,647 ] Mongodb_connection - INFO - Connecting to Mongodb...
LINE - 58 : [ 2026-04-02 03:20:24,278 ] Mongodb_connection - INFO - Connected to mongodb.
LINE - 28 : [ 2026-04-02 03:20:24,278 ] Fake news Data - INFO - Fetching Data from mongoDb...
LINE - 44 : [ 2026-04-02 03:20:26,230 ] Fake news Data - INFO - Data Fetched Successfully
LINE - 26 : [ 2026-04-02 03:20:26,230 ] Data Ingestion - INFO - Shape of data : (5200, 7)
LINE - 29 : [ 2026-04-02 03:20:26,230 ] Data Ingestion - INFO - Saving Raw data to feature store
LINE - 31 : [ 2026-04-02 03:20:26,807 ] Data Ingestion - INFO - Data Saved to feature_store: artifacts/feature_store/data.csv
LINE - 40 : [ 2026-04-02 03:20:26,807 ] Data Ingestion - INFO - Splitting data into train and test started
LINE - 42 : [ 2026-04-02 03:20:26,810 ] Data Ingestion - INFO - Data splitting Done
LINE - 44 : [ 2026-04-02 03:20:26,810 ] Data Ingestion - INFO - Saving Data to train and test folder
LINE - 53 : [ 2026-04-02 03:20:27,260 ] Data Ingestion - INFO - Train and test data saved: 
Train path: artifacts/train/train.csv
 Test path: artifacts/test/test.csv
LINE - 63 : [ 2026-04-02 03:20:27,260 ] Data Ingestion - INFO - Exiting Data Ingestion
LINE - 35 : [ 2026-04-02 03:20:27,263 ] Data preprocessing - INFO - Data preprocessing Started
LINE - 54 : [ 2026-04-02 03:20:30,926 ] Data preprocessing - INFO - Data preprocessing Finished
LINE - 70 : [ 2026-04-02 03:20:30,936 ] ConfigLoader - INFO - Feature Engineering Started.
LINE - 12 : [ 2026-04-02 03:20:31,090 ] ConfigLoader - INFO - Saving Object
LINE - 81 : [ 2026-04-02 03:20:31,132 ] Model training - INFO - Model Training Stasrted
LINE - 82 : [ 2026-04-02 03:20:31,132 ] Model training - INFO - loading feature config..
LINE - 29 : [ 2026-04-02 03:20:33,351 ] ConfigLoader - INFO - Config loaded successfully from artifacts/preprocessor/feature_config.json
LINE - 46 : [ 2026-04-02 03:20:34,034 ] Model training - INFO - Train shape: (3200, 8), Test shape: (1375, 8)
LINE - 50 : [ 2026-04-02 03:20:34,148 ] Model training - INFO - Model training started
LINE - 36 : [ 2026-04-02 03:30:43,625 ] TrainPipeline - INFO - Training pipeline execution started
LINE - 60 : [ 2026-04-02 03:30:43,626 ] Data Ingestion - INFO - Data Ingestion started
LINE - 19 : [ 2026-04-02 03:30:43,627 ] Data Ingestion - INFO - Importing Data from mongodb
LINE - 23 : [ 2026-04-02 03:30:43,627 ] Mongodb_connection - INFO - Connecting to Mongodb...
LINE - 58 : [ 2026-04-02 03:30:44,268 ] Mongodb_connection - INFO - Connected to mongodb.
LINE - 28 : [ 2026-04-02 03:30:44,269 ] Fake news Data - INFO - Fetching Data from mongoDb...
LINE - 44 : [ 2026-04-02 03:30:46,048 ] Fake news Data - INFO - Data Fetched Successfully
LINE - 26 : [ 2026-04-02 03:30:46,048 ] Data Ingestion - INFO - Shape of data : (5200, 7)
LINE - 29 : [ 2026-04-02 03:30:46,048 ] Data Ingestion - INFO - Saving Raw data to feature store
LINE - 31 : [ 2026-04-02 03:30:46,501 ] Data Ingestion - INFO - Data Saved to feature_store: artifacts/feature_store/data.csv
LINE - 40 : [ 2026-04-02 03:30:46,501 ] Data Ingestion - INFO - Splitting data into train and test started
LINE - 42 : [ 2026-04-02 03:30:46,505 ] Data Ingestion - INFO - Data splitting Done
LINE - 44 : [ 2026-04-02 03:30:46,505 ] Data Ingestion - INFO - Saving Data to train and test folder
LINE - 53 : [ 2026-04-02 03:30:46,990 ] Data Ingestion - INFO - Train and test data saved: 
Train path: artifacts/train/train.csv
 Test path: artifacts/test/test.csv
LINE - 63 : [ 2026-04-02 03:30:46,990 ] Data Ingestion - INFO - Exiting Data Ingestion
LINE - 35 : [ 2026-04-02 03:30:46,994 ] Data preprocessing - INFO - Data preprocessing Started
LINE - 54 : [ 2026-04-02 03:30:50,632 ] Data preprocessing - INFO - Data preprocessing Finished
LINE - 70 : [ 2026-04-02 03:30:50,639 ] ConfigLoader - INFO - Feature Engineering Started.
LINE - 12 : [ 2026-04-02 03:30:50,795 ] ConfigLoader - INFO - Saving Object
LINE - 81 : [ 2026-04-02 03:30:50,840 ] Model training - INFO - Model Training Stasrted
LINE - 82 : [ 2026-04-02 03:30:50,840 ] Model training - INFO - loading feature config..
LINE - 29 : [ 2026-04-02 03:30:52,388 ] ConfigLoader - INFO - Config loaded successfully from artifacts/preprocessor/feature_config.json
LINE - 46 : [ 2026-04-02 03:30:53,218 ] Model training - INFO - Train shape: (3200, 8), Test shape: (1375, 8)
LINE - 50 : [ 2026-04-02 03:30:53,344 ] Model training - INFO - Model training started
LINE - 36 : [ 2026-04-02 03:33:55,670 ] TrainPipeline - INFO - Training pipeline execution started
LINE - 60 : [ 2026-04-02 03:33:55,671 ] Data Ingestion - INFO - Data Ingestion started
LINE - 19 : [ 2026-04-02 03:33:55,671 ] Data Ingestion - INFO - Importing Data from mongodb
LINE - 23 : [ 2026-04-02 03:33:55,671 ] Mongodb_connection - INFO - Connecting to Mongodb...
LINE - 58 : [ 2026-04-02 03:33:56,384 ] Mongodb_connection - INFO - Connected to mongodb.
LINE - 28 : [ 2026-04-02 03:33:56,385 ] Fake news Data - INFO - Fetching Data from mongoDb...
LINE - 44 : [ 2026-04-02 03:33:58,213 ] Fake news Data - INFO - Data Fetched Successfully
LINE - 26 : [ 2026-04-02 03:33:58,213 ] Data Ingestion - INFO - Shape of data : (5200, 7)
LINE - 29 : [ 2026-04-02 03:33:58,213 ] Data Ingestion - INFO - Saving Raw data to feature store
LINE - 31 : [ 2026-04-02 03:33:58,675 ] Data Ingestion - INFO - Data Saved to feature_store: artifacts/feature_store/data.csv
LINE - 40 : [ 2026-04-02 03:33:58,675 ] Data Ingestion - INFO - Splitting data into train and test started
LINE - 42 : [ 2026-04-02 03:33:58,678 ] Data Ingestion - INFO - Data splitting Done
LINE - 44 : [ 2026-04-02 03:33:58,678 ] Data Ingestion - INFO - Saving Data to train and test folder
LINE - 53 : [ 2026-04-02 03:33:59,132 ] Data Ingestion - INFO - Train and test data saved: 
Train path: artifacts/train/train.csv
 Test path: artifacts/test/test.csv
LINE - 63 : [ 2026-04-02 03:33:59,133 ] Data Ingestion - INFO - Exiting Data Ingestion
LINE - 35 : [ 2026-04-02 03:33:59,136 ] Data preprocessing - INFO - Data preprocessing Started
LINE - 54 : [ 2026-04-02 03:34:02,677 ] Data preprocessing - INFO - Data preprocessing Finished
LINE - 67 : [ 2026-04-02 03:34:02,685 ] ConfigLoader - INFO - Feature Engineering Started.
LINE - 12 : [ 2026-04-02 03:34:02,726 ] ConfigLoader - INFO - Saving Object
LINE - 81 : [ 2026-04-02 03:34:02,769 ] Model training - INFO - Model Training Stasrted
LINE - 82 : [ 2026-04-02 03:34:02,769 ] Model training - INFO - loading feature config..
LINE - 29 : [ 2026-04-02 03:34:04,379 ] ConfigLoader - INFO - Config loaded successfully from artifacts/preprocessor/feature_config.json
LINE - 46 : [ 2026-04-02 03:34:05,131 ] Model training - INFO - Train shape: (3200, 8), Test shape: (1375, 8)
LINE - 50 : [ 2026-04-02 03:34:05,240 ] Model training - INFO - Model training started
LINE - 36 : [ 2026-04-02 03:36:17,076 ] TrainPipeline - INFO - Training pipeline execution started
LINE - 60 : [ 2026-04-02 03:36:17,077 ] Data Ingestion - INFO - Data Ingestion started
LINE - 19 : [ 2026-04-02 03:36:17,077 ] Data Ingestion - INFO - Importing Data from mongodb
LINE - 23 : [ 2026-04-02 03:36:17,077 ] Mongodb_connection - INFO - Connecting to Mongodb...
LINE - 58 : [ 2026-04-02 03:36:17,757 ] Mongodb_connection - INFO - Connected to mongodb.
LINE - 28 : [ 2026-04-02 03:36:17,758 ] Fake news Data - INFO - Fetching Data from mongoDb...
LINE - 44 : [ 2026-04-02 03:36:19,611 ] Fake news Data - INFO - Data Fetched Successfully
LINE - 26 : [ 2026-04-02 03:36:19,611 ] Data Ingestion - INFO - Shape of data : (5200, 7)
LINE - 29 : [ 2026-04-02 03:36:19,611 ] Data Ingestion - INFO - Saving Raw data to feature store
LINE - 31 : [ 2026-04-02 03:36:20,067 ] Data Ingestion - INFO - Data Saved to feature_store: artifacts/feature_store/data.csv
LINE - 40 : [ 2026-04-02 03:36:20,067 ] Data Ingestion - INFO - Splitting data into train and test started
LINE - 42 : [ 2026-04-02 03:36:20,070 ] Data Ingestion - INFO - Data splitting Done
LINE - 44 : [ 2026-04-02 03:36:20,070 ] Data Ingestion - INFO - Saving Data to train and test folder
LINE - 53 : [ 2026-04-02 03:36:20,529 ] Data Ingestion - INFO - Train and test data saved: 
Train path: artifacts/train/train.csv
 Test path: artifacts/test/test.csv
LINE - 63 : [ 2026-04-02 03:36:20,530 ] Data Ingestion - INFO - Exiting Data Ingestion
LINE - 35 : [ 2026-04-02 03:36:20,532 ] Data preprocessing - INFO - Data preprocessing Started
LINE - 54 : [ 2026-04-02 03:36:24,117 ] Data preprocessing - INFO - Data preprocessing Finished
LINE - 67 : [ 2026-04-02 03:36:24,125 ] ConfigLoader - INFO - Feature Engineering Started.
LINE - 12 : [ 2026-04-02 03:36:24,166 ] ConfigLoader - INFO - Saving Object
LINE - 82 : [ 2026-04-02 03:36:24,209 ] Model training - INFO - Model Training Stasrted
LINE - 83 : [ 2026-04-02 03:36:24,209 ] Model training - INFO - loading feature config..
LINE - 29 : [ 2026-04-02 03:36:25,729 ] ConfigLoader - INFO - Config loaded successfully from artifacts/preprocessor/feature_config.json
LINE - 46 : [ 2026-04-02 03:36:26,351 ] Model training - INFO - Train shape: (3200, 8), Test shape: (1375, 8)
LINE - 50 : [ 2026-04-02 03:36:26,538 ] Model training - INFO - Model training started
