LINE - 60 : [ 2026-04-03 03:08:30,960 ] Data Ingestion - INFO - Data Ingestion started
LINE - 19 : [ 2026-04-03 03:08:30,960 ] Data Ingestion - INFO - Importing Data from mongodb
LINE - 23 : [ 2026-04-03 03:08:30,960 ] Mongodb_connection - INFO - Connecting to Mongodb...
LINE - 58 : [ 2026-04-03 03:08:32,175 ] Mongodb_connection - INFO - Connected to mongodb.
LINE - 28 : [ 2026-04-03 03:08:32,175 ] Fake news Data - INFO - Fetching Data from mongoDb...
LINE - 44 : [ 2026-04-03 03:08:34,216 ] Fake news Data - INFO - Data Fetched Successfully
LINE - 26 : [ 2026-04-03 03:08:34,216 ] Data Ingestion - INFO - Shape of data : (5200, 7)
LINE - 29 : [ 2026-04-03 03:08:34,217 ] Data Ingestion - INFO - Saving Raw data to feature store
LINE - 31 : [ 2026-04-03 03:08:34,677 ] Data Ingestion - INFO - Data Saved to feature_store: artifacts/feature_store/data.csv
LINE - 40 : [ 2026-04-03 03:08:34,677 ] Data Ingestion - INFO - Splitting data into train and test started
LINE - 42 : [ 2026-04-03 03:08:34,679 ] Data Ingestion - INFO - Data splitting Done
LINE - 44 : [ 2026-04-03 03:08:34,679 ] Data Ingestion - INFO - Saving Data to train and test folder
LINE - 53 : [ 2026-04-03 03:08:35,122 ] Data Ingestion - INFO - Train and test data saved: 
Train path: artifacts/train/train.csv
 Test path: artifacts/test/test.csv
LINE - 63 : [ 2026-04-03 03:08:35,123 ] Data Ingestion - INFO - Exiting Data Ingestion
LINE - 60 : [ 2026-04-03 03:09:04,959 ] Data Ingestion - INFO - Data Ingestion started
LINE - 19 : [ 2026-04-03 03:09:04,960 ] Data Ingestion - INFO - Importing Data from mongodb
LINE - 23 : [ 2026-04-03 03:09:04,960 ] Mongodb_connection - INFO - Connecting to Mongodb...
LINE - 58 : [ 2026-04-03 03:09:05,675 ] Mongodb_connection - INFO - Connected to mongodb.
LINE - 28 : [ 2026-04-03 03:09:05,675 ] Fake news Data - INFO - Fetching Data from mongoDb...
LINE - 44 : [ 2026-04-03 03:09:07,956 ] Fake news Data - INFO - Data Fetched Successfully
LINE - 26 : [ 2026-04-03 03:09:07,956 ] Data Ingestion - INFO - Shape of data : (5200, 7)
LINE - 29 : [ 2026-04-03 03:09:07,957 ] Data Ingestion - INFO - Saving Raw data to feature store
LINE - 31 : [ 2026-04-03 03:09:08,434 ] Data Ingestion - INFO - Data Saved to feature_store: artifacts/feature_store/data.csv
LINE - 40 : [ 2026-04-03 03:09:08,434 ] Data Ingestion - INFO - Splitting data into train and test started
LINE - 42 : [ 2026-04-03 03:09:08,437 ] Data Ingestion - INFO - Data splitting Done
LINE - 44 : [ 2026-04-03 03:09:08,437 ] Data Ingestion - INFO - Saving Data to train and test folder
LINE - 53 : [ 2026-04-03 03:09:08,890 ] Data Ingestion - INFO - Train and test data saved: 
Train path: artifacts/train/train.csv
 Test path: artifacts/test/test.csv
LINE - 63 : [ 2026-04-03 03:09:08,890 ] Data Ingestion - INFO - Exiting Data Ingestion
LINE - 60 : [ 2026-04-03 03:09:39,105 ] Data Ingestion - INFO - Data Ingestion started
LINE - 19 : [ 2026-04-03 03:09:39,106 ] Data Ingestion - INFO - Importing Data from mongodb
LINE - 23 : [ 2026-04-03 03:09:39,106 ] Mongodb_connection - INFO - Connecting to Mongodb...
LINE - 58 : [ 2026-04-03 03:09:39,798 ] Mongodb_connection - INFO - Connected to mongodb.
LINE - 28 : [ 2026-04-03 03:09:39,799 ] Fake news Data - INFO - Fetching Data from mongoDb...
LINE - 44 : [ 2026-04-03 03:09:41,817 ] Fake news Data - INFO - Data Fetched Successfully
LINE - 26 : [ 2026-04-03 03:09:41,817 ] Data Ingestion - INFO - Shape of data : (5200, 7)
LINE - 29 : [ 2026-04-03 03:09:41,817 ] Data Ingestion - INFO - Saving Raw data to feature store
LINE - 31 : [ 2026-04-03 03:09:42,274 ] Data Ingestion - INFO - Data Saved to feature_store: artifacts/feature_store/data.csv
LINE - 40 : [ 2026-04-03 03:09:42,274 ] Data Ingestion - INFO - Splitting data into train and test started
LINE - 42 : [ 2026-04-03 03:09:42,276 ] Data Ingestion - INFO - Data splitting Done
LINE - 44 : [ 2026-04-03 03:09:42,276 ] Data Ingestion - INFO - Saving Data to train and test folder
LINE - 53 : [ 2026-04-03 03:09:42,703 ] Data Ingestion - INFO - Train and test data saved: 
Train path: artifacts/train/train.csv
 Test path: artifacts/test/test.csv
LINE - 63 : [ 2026-04-03 03:09:42,704 ] Data Ingestion - INFO - Exiting Data Ingestion
LINE - 35 : [ 2026-04-03 03:09:46,021 ] Data preprocessing - INFO - Data preprocessing Started
LINE - 54 : [ 2026-04-03 03:09:49,545 ] Data preprocessing - INFO - Data preprocessing Finished
LINE - 67 : [ 2026-04-03 03:10:08,580 ] ConfigLoader - INFO - Feature Engineering Started.
LINE - 12 : [ 2026-04-03 03:10:08,623 ] ConfigLoader - INFO - Saving Object
LINE - 67 : [ 2026-04-03 03:10:08,671 ] ConfigLoader - INFO - Feature Engineering Started.
LINE - 12 : [ 2026-04-03 03:10:08,717 ] ConfigLoader - INFO - Saving Object
LINE - 82 : [ 2026-04-03 03:10:20,011 ] Model training - INFO - Model Training Stasrted
LINE - 83 : [ 2026-04-03 03:10:20,011 ] Model training - INFO - loading feature config..
LINE - 29 : [ 2026-04-03 03:10:21,716 ] ConfigLoader - INFO - Config loaded successfully from artifacts/preprocessor/feature_config.json
LINE - 46 : [ 2026-04-03 03:10:22,418 ] Model training - INFO - Train shape: (3211, 8), Test shape: (1364, 8)
LINE - 50 : [ 2026-04-03 03:10:22,513 ] Model training - INFO - Model training started
LINE - 89 : [ 2026-04-03 03:50:13,270 ] Model training - INFO - Model Training Stasrted
LINE - 90 : [ 2026-04-03 03:50:13,271 ] Model training - INFO - loading feature config..
LINE - 29 : [ 2026-04-03 03:50:15,229 ] ConfigLoader - INFO - Config loaded successfully from artifacts/preprocessor/feature_config.json
LINE - 12 : [ 2026-04-03 03:50:16,003 ] ConfigLoader - INFO - Saving Object
LINE - 89 : [ 2026-04-03 03:52:06,252 ] Model training - INFO - Model Training Stasrted
LINE - 90 : [ 2026-04-03 03:52:06,253 ] Model training - INFO - loading feature config..
LINE - 29 : [ 2026-04-03 03:52:07,963 ] ConfigLoader - INFO - Config loaded successfully from artifacts/preprocessor/feature_config.json
LINE - 56 : [ 2026-04-03 03:52:08,857 ] Model training - INFO - Model training started
LINE - 36 : [ 2026-04-03 03:53:56,730 ] TrainPipeline - INFO - Training pipeline execution started
LINE - 60 : [ 2026-04-03 03:53:56,730 ] Data Ingestion - INFO - Data Ingestion started
LINE - 19 : [ 2026-04-03 03:53:56,730 ] Data Ingestion - INFO - Importing Data from mongodb
LINE - 23 : [ 2026-04-03 03:53:56,730 ] Mongodb_connection - INFO - Connecting to Mongodb...
LINE - 58 : [ 2026-04-03 03:53:57,632 ] Mongodb_connection - INFO - Connected to mongodb.
LINE - 28 : [ 2026-04-03 03:53:57,632 ] Fake news Data - INFO - Fetching Data from mongoDb...
LINE - 44 : [ 2026-04-03 03:53:59,501 ] Fake news Data - INFO - Data Fetched Successfully
LINE - 26 : [ 2026-04-03 03:53:59,502 ] Data Ingestion - INFO - Shape of data : (5200, 7)
LINE - 29 : [ 2026-04-03 03:53:59,502 ] Data Ingestion - INFO - Saving Raw data to feature store
LINE - 31 : [ 2026-04-03 03:53:59,958 ] Data Ingestion - INFO - Data Saved to feature_store: artifacts/feature_store/data.csv
LINE - 40 : [ 2026-04-03 03:53:59,958 ] Data Ingestion - INFO - Splitting data into train and test started
LINE - 42 : [ 2026-04-03 03:53:59,961 ] Data Ingestion - INFO - Data splitting Done
LINE - 44 : [ 2026-04-03 03:53:59,961 ] Data Ingestion - INFO - Saving Data to train and test folder
LINE - 53 : [ 2026-04-03 03:54:00,415 ] Data Ingestion - INFO - Train and test data saved: 
Train path: artifacts/train/train.csv
 Test path: artifacts/test/test.csv
LINE - 63 : [ 2026-04-03 03:54:00,415 ] Data Ingestion - INFO - Exiting Data Ingestion
LINE - 35 : [ 2026-04-03 03:54:00,418 ] Data preprocessing - INFO - Data preprocessing Started
LINE - 54 : [ 2026-04-03 03:54:03,970 ] Data preprocessing - INFO - Data preprocessing Finished
LINE - 67 : [ 2026-04-03 03:54:03,977 ] ConfigLoader - INFO - Feature Engineering Started.
LINE - 12 : [ 2026-04-03 03:54:04,017 ] ConfigLoader - INFO - Saving Object
LINE - 89 : [ 2026-04-03 03:54:04,061 ] Model training - INFO - Model Training Stasrted
LINE - 90 : [ 2026-04-03 03:54:04,061 ] Model training - INFO - loading feature config..
LINE - 29 : [ 2026-04-03 03:54:05,653 ] ConfigLoader - INFO - Config loaded successfully from artifacts/preprocessor/feature_config.json
LINE - 56 : [ 2026-04-03 03:54:06,487 ] Model training - INFO - Model training started
LINE - 36 : [ 2026-04-03 03:59:49,645 ] TrainPipeline - INFO - Training pipeline execution started
LINE - 60 : [ 2026-04-03 03:59:49,645 ] Data Ingestion - INFO - Data Ingestion started
LINE - 19 : [ 2026-04-03 03:59:49,646 ] Data Ingestion - INFO - Importing Data from mongodb
LINE - 23 : [ 2026-04-03 03:59:49,646 ] Mongodb_connection - INFO - Connecting to Mongodb...
LINE - 58 : [ 2026-04-03 03:59:50,355 ] Mongodb_connection - INFO - Connected to mongodb.
LINE - 28 : [ 2026-04-03 03:59:50,356 ] Fake news Data - INFO - Fetching Data from mongoDb...
LINE - 44 : [ 2026-04-03 03:59:52,110 ] Fake news Data - INFO - Data Fetched Successfully
LINE - 26 : [ 2026-04-03 03:59:52,110 ] Data Ingestion - INFO - Shape of data : (5200, 7)
LINE - 29 : [ 2026-04-03 03:59:52,110 ] Data Ingestion - INFO - Saving Raw data to feature store
LINE - 31 : [ 2026-04-03 03:59:52,568 ] Data Ingestion - INFO - Data Saved to feature_store: artifacts/feature_store/data.csv
LINE - 40 : [ 2026-04-03 03:59:52,568 ] Data Ingestion - INFO - Splitting data into train and test started
LINE - 42 : [ 2026-04-03 03:59:52,571 ] Data Ingestion - INFO - Data splitting Done
LINE - 44 : [ 2026-04-03 03:59:52,571 ] Data Ingestion - INFO - Saving Data to train and test folder
LINE - 53 : [ 2026-04-03 03:59:53,050 ] Data Ingestion - INFO - Train and test data saved: 
Train path: artifacts/train/train.csv
 Test path: artifacts/test/test.csv
LINE - 63 : [ 2026-04-03 03:59:53,050 ] Data Ingestion - INFO - Exiting Data Ingestion
LINE - 35 : [ 2026-04-03 03:59:53,053 ] Data preprocessing - INFO - Data preprocessing Started
LINE - 54 : [ 2026-04-03 03:59:56,820 ] Data preprocessing - INFO - Data preprocessing Finished
LINE - 67 : [ 2026-04-03 03:59:56,830 ] ConfigLoader - INFO - Feature Engineering Started.
LINE - 12 : [ 2026-04-03 03:59:56,870 ] ConfigLoader - INFO - Saving Object
LINE - 97 : [ 2026-04-03 03:59:56,913 ] Model training - INFO - Model Training Stasrted
LINE - 98 : [ 2026-04-03 03:59:56,913 ] Model training - INFO - loading feature config..
LINE - 29 : [ 2026-04-03 03:59:59,199 ] ConfigLoader - INFO - Config loaded successfully from artifacts/preprocessor/feature_config.json
LINE - 64 : [ 2026-04-03 04:00:00,115 ] Model training - INFO - Model training started
LINE - 36 : [ 2026-04-03 04:16:57,000 ] TrainPipeline - INFO - Training pipeline execution started
LINE - 60 : [ 2026-04-03 04:16:57,001 ] Data Ingestion - INFO - Data Ingestion started
LINE - 19 : [ 2026-04-03 04:16:57,001 ] Data Ingestion - INFO - Importing Data from mongodb
LINE - 23 : [ 2026-04-03 04:16:57,001 ] Mongodb_connection - INFO - Connecting to Mongodb...
LINE - 58 : [ 2026-04-03 04:16:57,961 ] Mongodb_connection - INFO - Connected to mongodb.
LINE - 28 : [ 2026-04-03 04:16:57,961 ] Fake news Data - INFO - Fetching Data from mongoDb...
LINE - 44 : [ 2026-04-03 04:16:59,935 ] Fake news Data - INFO - Data Fetched Successfully
LINE - 26 : [ 2026-04-03 04:16:59,936 ] Data Ingestion - INFO - Shape of data : (5200, 7)
LINE - 29 : [ 2026-04-03 04:16:59,936 ] Data Ingestion - INFO - Saving Raw data to feature store
LINE - 31 : [ 2026-04-03 04:17:00,394 ] Data Ingestion - INFO - Data Saved to feature_store: artifacts/feature_store/data.csv
LINE - 40 : [ 2026-04-03 04:17:00,394 ] Data Ingestion - INFO - Splitting data into train and test started
LINE - 42 : [ 2026-04-03 04:17:00,397 ] Data Ingestion - INFO - Data splitting Done
LINE - 44 : [ 2026-04-03 04:17:00,397 ] Data Ingestion - INFO - Saving Data to train and test folder
LINE - 53 : [ 2026-04-03 04:17:00,573 ] Data Ingestion - INFO - Train and test data saved: 
Train path: artifacts/train/train.csv
 Test path: artifacts/test/test.csv
LINE - 63 : [ 2026-04-03 04:17:00,573 ] Data Ingestion - INFO - Exiting Data Ingestion
LINE - 35 : [ 2026-04-03 04:17:00,577 ] Data preprocessing - INFO - Data preprocessing Started
LINE - 54 : [ 2026-04-03 04:17:01,963 ] Data preprocessing - INFO - Data preprocessing Finished
LINE - 67 : [ 2026-04-03 04:17:01,966 ] ConfigLoader - INFO - Feature Engineering Started.
LINE - 12 : [ 2026-04-03 04:17:01,983 ] ConfigLoader - INFO - Saving Object
LINE - 97 : [ 2026-04-03 04:17:02,002 ] Model training - INFO - Model Training Stasrted
LINE - 98 : [ 2026-04-03 04:17:02,002 ] Model training - INFO - loading feature config..
LINE - 29 : [ 2026-04-03 04:17:03,216 ] ConfigLoader - INFO - Config loaded successfully from artifacts/preprocessor/feature_config.json
LINE - 64 : [ 2026-04-03 04:17:04,143 ] Model training - INFO - Model training started
LINE - 36 : [ 2026-04-03 04:18:17,498 ] TrainPipeline - INFO - Training pipeline execution started
LINE - 60 : [ 2026-04-03 04:18:17,499 ] Data Ingestion - INFO - Data Ingestion started
LINE - 19 : [ 2026-04-03 04:18:17,499 ] Data Ingestion - INFO - Importing Data from mongodb
LINE - 23 : [ 2026-04-03 04:18:17,499 ] Mongodb_connection - INFO - Connecting to Mongodb...
LINE - 58 : [ 2026-04-03 04:18:18,114 ] Mongodb_connection - INFO - Connected to mongodb.
LINE - 28 : [ 2026-04-03 04:18:18,115 ] Fake news Data - INFO - Fetching Data from mongoDb...
LINE - 44 : [ 2026-04-03 04:18:19,845 ] Fake news Data - INFO - Data Fetched Successfully
LINE - 26 : [ 2026-04-03 04:18:19,846 ] Data Ingestion - INFO - Shape of data : (5200, 7)
LINE - 29 : [ 2026-04-03 04:18:19,846 ] Data Ingestion - INFO - Saving Raw data to feature store
LINE - 31 : [ 2026-04-03 04:18:20,302 ] Data Ingestion - INFO - Data Saved to feature_store: artifacts/feature_store/data.csv
LINE - 40 : [ 2026-04-03 04:18:20,302 ] Data Ingestion - INFO - Splitting data into train and test started
LINE - 42 : [ 2026-04-03 04:18:20,305 ] Data Ingestion - INFO - Data splitting Done
LINE - 44 : [ 2026-04-03 04:18:20,305 ] Data Ingestion - INFO - Saving Data to train and test folder
LINE - 53 : [ 2026-04-03 04:18:20,318 ] Data Ingestion - INFO - Train and test data saved: 
Train path: artifacts/train/train.csv
 Test path: artifacts/test/test.csv
LINE - 63 : [ 2026-04-03 04:18:20,318 ] Data Ingestion - INFO - Exiting Data Ingestion
LINE - 35 : [ 2026-04-03 04:18:20,321 ] Data preprocessing - INFO - Data preprocessing Started
LINE - 54 : [ 2026-04-03 04:18:20,399 ] Data preprocessing - INFO - Data preprocessing Finished
LINE - 67 : [ 2026-04-03 04:18:20,401 ] ConfigLoader - INFO - Feature Engineering Started.
LINE - 12 : [ 2026-04-03 04:18:20,403 ] ConfigLoader - INFO - Saving Object
LINE - 97 : [ 2026-04-03 04:18:20,407 ] Model training - INFO - Model Training Stasrted
LINE - 98 : [ 2026-04-03 04:18:20,407 ] Model training - INFO - loading feature config..
LINE - 29 : [ 2026-04-03 04:18:22,432 ] ConfigLoader - INFO - Config loaded successfully from artifacts/preprocessor/feature_config.json
LINE - 64 : [ 2026-04-03 04:18:23,416 ] Model training - INFO - Model training started
LINE - 36 : [ 2026-04-03 04:22:57,169 ] TrainPipeline - INFO - Training pipeline execution started
LINE - 60 : [ 2026-04-03 04:22:57,170 ] Data Ingestion - INFO - Data Ingestion started
LINE - 19 : [ 2026-04-03 04:22:57,170 ] Data Ingestion - INFO - Importing Data from mongodb
LINE - 23 : [ 2026-04-03 04:22:57,170 ] Mongodb_connection - INFO - Connecting to Mongodb...
LINE - 58 : [ 2026-04-03 04:22:57,915 ] Mongodb_connection - INFO - Connected to mongodb.
LINE - 28 : [ 2026-04-03 04:22:57,915 ] Fake news Data - INFO - Fetching Data from mongoDb...
LINE - 44 : [ 2026-04-03 04:22:59,811 ] Fake news Data - INFO - Data Fetched Successfully
LINE - 26 : [ 2026-04-03 04:22:59,811 ] Data Ingestion - INFO - Shape of data : (5200, 7)
LINE - 29 : [ 2026-04-03 04:22:59,811 ] Data Ingestion - INFO - Saving Raw data to feature store
LINE - 31 : [ 2026-04-03 04:23:00,275 ] Data Ingestion - INFO - Data Saved to feature_store: artifacts/feature_store/data.csv
LINE - 40 : [ 2026-04-03 04:23:00,275 ] Data Ingestion - INFO - Splitting data into train and test started
LINE - 42 : [ 2026-04-03 04:23:00,278 ] Data Ingestion - INFO - Data splitting Done
LINE - 44 : [ 2026-04-03 04:23:00,278 ] Data Ingestion - INFO - Saving Data to train and test folder
LINE - 53 : [ 2026-04-03 04:23:00,287 ] Data Ingestion - INFO - Train and test data saved: 
Train path: artifacts/train/train.csv
 Test path: artifacts/test/test.csv
LINE - 63 : [ 2026-04-03 04:23:00,287 ] Data Ingestion - INFO - Exiting Data Ingestion
LINE - 35 : [ 2026-04-03 04:23:00,290 ] Data preprocessing - INFO - Data preprocessing Started
LINE - 54 : [ 2026-04-03 04:23:00,368 ] Data preprocessing - INFO - Data preprocessing Finished
LINE - 67 : [ 2026-04-03 04:23:00,369 ] ConfigLoader - INFO - Feature Engineering Started.
LINE - 12 : [ 2026-04-03 04:23:00,372 ] ConfigLoader - INFO - Saving Object
LINE - 258 : [ 2026-04-03 04:23:00,376 ] Model training - INFO - Model Training Started
LINE - 259 : [ 2026-04-03 04:23:00,376 ] Model training - INFO - loading feature config..
LINE - 29 : [ 2026-04-03 04:23:03,607 ] ConfigLoader - INFO - Config loaded successfully from artifacts/preprocessor/feature_config.json
LINE - 229 : [ 2026-04-03 04:23:04,490 ] Model training - INFO - Model training started
LINE - 36 : [ 2026-04-03 04:28:55,646 ] TrainPipeline - INFO - Training pipeline execution started
LINE - 60 : [ 2026-04-03 04:28:55,647 ] Data Ingestion - INFO - Data Ingestion started
LINE - 19 : [ 2026-04-03 04:28:55,647 ] Data Ingestion - INFO - Importing Data from mongodb
LINE - 23 : [ 2026-04-03 04:28:55,647 ] Mongodb_connection - INFO - Connecting to Mongodb...
LINE - 58 : [ 2026-04-03 04:28:56,490 ] Mongodb_connection - INFO - Connected to mongodb.
LINE - 28 : [ 2026-04-03 04:28:56,490 ] Fake news Data - INFO - Fetching Data from mongoDb...
LINE - 44 : [ 2026-04-03 04:28:58,260 ] Fake news Data - INFO - Data Fetched Successfully
LINE - 26 : [ 2026-04-03 04:28:58,260 ] Data Ingestion - INFO - Shape of data : (5200, 7)
LINE - 29 : [ 2026-04-03 04:28:58,260 ] Data Ingestion - INFO - Saving Raw data to feature store
LINE - 31 : [ 2026-04-03 04:28:58,739 ] Data Ingestion - INFO - Data Saved to feature_store: artifacts/feature_store/data.csv
LINE - 40 : [ 2026-04-03 04:28:58,739 ] Data Ingestion - INFO - Splitting data into train and test started
LINE - 42 : [ 2026-04-03 04:28:58,741 ] Data Ingestion - INFO - Data splitting Done
LINE - 44 : [ 2026-04-03 04:28:58,742 ] Data Ingestion - INFO - Saving Data to train and test folder
LINE - 53 : [ 2026-04-03 04:28:58,751 ] Data Ingestion - INFO - Train and test data saved: 
Train path: artifacts/train/train.csv
 Test path: artifacts/test/test.csv
LINE - 63 : [ 2026-04-03 04:28:58,751 ] Data Ingestion - INFO - Exiting Data Ingestion
LINE - 35 : [ 2026-04-03 04:28:58,754 ] Data preprocessing - INFO - Data preprocessing Started
LINE - 54 : [ 2026-04-03 04:28:58,829 ] Data preprocessing - INFO - Data preprocessing Finished
LINE - 67 : [ 2026-04-03 04:28:58,831 ] ConfigLoader - INFO - Feature Engineering Started.
LINE - 12 : [ 2026-04-03 04:28:58,833 ] ConfigLoader - INFO - Saving Object
LINE - 258 : [ 2026-04-03 04:28:58,837 ] Model training - INFO - Model Training Started
LINE - 259 : [ 2026-04-03 04:28:58,837 ] Model training - INFO - loading feature config..
LINE - 29 : [ 2026-04-03 04:29:00,398 ] ConfigLoader - INFO - Config loaded successfully from artifacts/preprocessor/feature_config.json
LINE - 229 : [ 2026-04-03 04:29:01,247 ] Model training - INFO - Model training started
